Archive member included to satisfy reference by file (symbol)

/home/padmabl/.eclipse/org.eclipse.platform_4.12.0_155965261_linux_gtk_x86_64/plugins/fr.ac6.mcu.externaltools.arm-none.linux64_1.17.0.201812190825/tools/compiler/bin/../lib/gcc/arm-none-eabi/7.3.1/thumb/v6-m/libgcc.a(_udivsi3.o)
                              Drivers/STM32L0xx_HAL_Driver/Src/stm32l0xx_hal.o (__aeabi_uidiv)
/home/padmabl/.eclipse/org.eclipse.platform_4.12.0_155965261_linux_gtk_x86_64/plugins/fr.ac6.mcu.externaltools.arm-none.linux64_1.17.0.201812190825/tools/compiler/bin/../lib/gcc/arm-none-eabi/7.3.1/thumb/v6-m/libgcc.a(_dvmd_tls.o)
                              /home/padmabl/.eclipse/org.eclipse.platform_4.12.0_155965261_linux_gtk_x86_64/plugins/fr.ac6.mcu.externaltools.arm-none.linux64_1.17.0.201812190825/tools/compiler/bin/../lib/gcc/arm-none-eabi/7.3.1/thumb/v6-m/libgcc.a(_udivsi3.o) (__aeabi_idiv0)
/home/padmabl/.eclipse/org.eclipse.platform_4.12.0_155965261_linux_gtk_x86_64/plugins/fr.ac6.mcu.externaltools.arm-none.linux64_1.17.0.201812190825/tools/compiler/bin/../lib/gcc/arm-none-eabi/7.3.1/thumb/v6-m/libgcc.a(_arm_cmpdf2.o)
                              Src/main.o (__aeabi_dcmplt)
/home/padmabl/.eclipse/org.eclipse.platform_4.12.0_155965261_linux_gtk_x86_64/plugins/fr.ac6.mcu.externaltools.arm-none.linux64_1.17.0.201812190825/tools/compiler/bin/../lib/gcc/arm-none-eabi/7.3.1/thumb/v6-m/libgcc.a(_arm_cmpsf2.o)
                              Src/main.o (__aeabi_fcmpeq)
/home/padmabl/.eclipse/org.eclipse.platform_4.12.0_155965261_linux_gtk_x86_64/plugins/fr.ac6.mcu.externaltools.arm-none.linux64_1.17.0.201812190825/tools/compiler/bin/../lib/gcc/arm-none-eabi/7.3.1/thumb/v6-m/libgcc.a(_aeabi_uldivmod.o)
                              Drivers/STM32L0xx_HAL_Driver/Src/stm32l0xx_hal_uart.o (__aeabi_uldivmod)
/home/padmabl/.eclipse/org.eclipse.platform_4.12.0_155965261_linux_gtk_x86_64/plugins/fr.ac6.mcu.externaltools.arm-none.linux64_1.17.0.201812190825/tools/compiler/bin/../lib/gcc/arm-none-eabi/7.3.1/thumb/v6-m/libgcc.a(_fixunssfsi.o)
                              Src/main.o (__aeabi_f2uiz)
/home/padmabl/.eclipse/org.eclipse.platform_4.12.0_155965261_linux_gtk_x86_64/plugins/fr.ac6.mcu.externaltools.arm-none.linux64_1.17.0.201812190825/tools/compiler/bin/../lib/gcc/arm-none-eabi/7.3.1/thumb/v6-m/libgcc.a(_udivmoddi4.o)
                              /home/padmabl/.eclipse/org.eclipse.platform_4.12.0_155965261_linux_gtk_x86_64/plugins/fr.ac6.mcu.externaltools.arm-none.linux64_1.17.0.201812190825/tools/compiler/bin/../lib/gcc/arm-none-eabi/7.3.1/thumb/v6-m/libgcc.a(_aeabi_uldivmod.o) (__udivmoddi4)
/home/padmabl/.eclipse/org.eclipse.platform_4.12.0_155965261_linux_gtk_x86_64/plugins/fr.ac6.mcu.externaltools.arm-none.linux64_1.17.0.201812190825/tools/compiler/bin/../lib/gcc/arm-none-eabi/7.3.1/thumb/v6-m/libgcc.a(eqsf2.o)
                              /home/padmabl/.eclipse/org.eclipse.platform_4.12.0_155965261_linux_gtk_x86_64/plugins/fr.ac6.mcu.externaltools.arm-none.linux64_1.17.0.201812190825/tools/compiler/bin/../lib/gcc/arm-none-eabi/7.3.1/thumb/v6-m/libgcc.a(_arm_cmpsf2.o) (__eqsf2)
/home/padmabl/.eclipse/org.eclipse.platform_4.12.0_155965261_linux_gtk_x86_64/plugins/fr.ac6.mcu.externaltools.arm-none.linux64_1.17.0.201812190825/tools/compiler/bin/../lib/gcc/arm-none-eabi/7.3.1/thumb/v6-m/libgcc.a(gesf2.o)
                              /home/padmabl/.eclipse/org.eclipse.platform_4.12.0_155965261_linux_gtk_x86_64/plugins/fr.ac6.mcu.externaltools.arm-none.linux64_1.17.0.201812190825/tools/compiler/bin/../lib/gcc/arm-none-eabi/7.3.1/thumb/v6-m/libgcc.a(_arm_cmpsf2.o) (__gesf2)
/home/padmabl/.eclipse/org.eclipse.platform_4.12.0_155965261_linux_gtk_x86_64/plugins/fr.ac6.mcu.externaltools.arm-none.linux64_1.17.0.201812190825/tools/compiler/bin/../lib/gcc/arm-none-eabi/7.3.1/thumb/v6-m/libgcc.a(lesf2.o)
                              /home/padmabl/.eclipse/org.eclipse.platform_4.12.0_155965261_linux_gtk_x86_64/plugins/fr.ac6.mcu.externaltools.arm-none.linux64_1.17.0.201812190825/tools/compiler/bin/../lib/gcc/arm-none-eabi/7.3.1/thumb/v6-m/libgcc.a(_arm_cmpsf2.o) (__lesf2)
/home/padmabl/.eclipse/org.eclipse.platform_4.12.0_155965261_linux_gtk_x86_64/plugins/fr.ac6.mcu.externaltools.arm-none.linux64_1.17.0.201812190825/tools/compiler/bin/../lib/gcc/arm-none-eabi/7.3.1/thumb/v6-m/libgcc.a(mulsf3.o)
                              Src/main.o (__aeabi_fmul)
/home/padmabl/.eclipse/org.eclipse.platform_4.12.0_155965261_linux_gtk_x86_64/plugins/fr.ac6.mcu.externaltools.arm-none.linux64_1.17.0.201812190825/tools/compiler/bin/../lib/gcc/arm-none-eabi/7.3.1/thumb/v6-m/libgcc.a(subsf3.o)
                              /home/padmabl/.eclipse/org.eclipse.platform_4.12.0_155965261_linux_gtk_x86_64/plugins/fr.ac6.mcu.externaltools.arm-none.linux64_1.17.0.201812190825/tools/compiler/bin/../lib/gcc/arm-none-eabi/7.3.1/thumb/v6-m/libgcc.a(_fixunssfsi.o) (__aeabi_fsub)
[...]
Memory Configuration

Name             Origin             Length             Attributes
RAM              0x0000000020000000 0x0000000000005000 xrw
FLASH            0x0000000008000000 0x0000000000030000 xr
*default*        0x0000000000000000 0xffffffffffffffff

Linker script and memory map

LOAD /home/padmabl/.eclipse/org.eclipse.platform_4.12.0_155965261_linux_gtk_x86_64/plugins/fr.ac6.mcu.externaltools.arm-none.linux64_1.17.0.201812190825/tools/compiler/bin/../lib/gcc/arm-none-eabi/7.3.1/thumb/v6-m/crti.o
LOAD /home/padmabl/.eclipse/org.eclipse.platform_4.12.0_155965261_linux_gtk_x86_64/plugins/fr.ac6.mcu.externaltools.arm-none.linux64_1.17.0.201812190825/tools/compiler/bin/../lib/gcc/arm-none-eabi/7.3.1/thumb/v6-m/crtbegin.o
LOAD /home/padmabl/.eclipse/org.eclipse.platform_4.12.0_155965261_linux_gtk_x86_64/plugins/fr.ac6.mcu.externaltools.arm-none.linux64_1.17.0.201812190825/tools/compiler/bin/../lib/gcc/arm-none-eabi/7.3.1/../../../../arm-none-eabi/lib/thumb/v6-m/crt0.o
LOAD Drivers/STM32L0xx_HAL_Driver/Src/stm32l0xx_hal.o
LOAD Drivers/STM32L0xx_HAL_Driver/Src/stm32l0xx_hal_adc.o
LOAD Drivers/STM32L0xx_HAL_Driver/Src/stm32l0xx_hal_adc_ex.o
LOAD Drivers/STM32L0xx_HAL_Driver/Src/stm32l0xx_hal_cortex.o
LOAD Drivers/STM32L0xx_HAL_Driver/Src/stm32l0xx_hal_dma.o
LOAD Drivers/STM32L0xx_HAL_Driver/Src/stm32l0xx_hal_flash.o
LOAD Drivers/STM32L0xx_HAL_Driver/Src/stm32l0xx_hal_flash_ex.o
LOAD Drivers/STM32L0xx_HAL_Driver/Src/stm32l0xx_hal_flash_ramfunc.o
LOAD Drivers/STM32L0xx_HAL_Driver/Src/stm32l0xx_hal_gpio.o
LOAD Drivers/STM32L0xx_HAL_Driver/Src/stm32l0xx_hal_i2c.o
LOAD Drivers/STM32L0xx_HAL_Driver/Src/stm32l0xx_hal_i2c_ex.o
LOAD Drivers/STM32L0xx_HAL_Driver/Src/stm32l0xx_hal_pwr.o
LOAD Drivers/STM32L0xx_HAL_Driver/Src/stm32l0xx_hal_pwr_ex.o
LOAD Drivers/STM32L0xx_HAL_Driver/Src/stm32l0xx_hal_rcc.o
LOAD Drivers/STM32L0xx_HAL_Driver/Src/stm32l0xx_hal_rcc_ex.o
LOAD Drivers/STM32L0xx_HAL_Driver/Src/stm32l0xx_hal_tim.o
LOAD Drivers/STM32L0xx_HAL_Driver/Src/stm32l0xx_hal_tim_ex.o
LOAD Drivers/STM32L0xx_HAL_Driver/Src/stm32l0xx_hal_uart.o
LOAD Drivers/STM32L0xx_HAL_Driver/Src/stm32l0xx_hal_uart_ex.o
LOAD Src/main.o
LOAD Src/stm32l0xx_hal_msp.o
LOAD Src/stm32l0xx_it.o
LOAD Src/system_stm32l0xx.o
LOAD startup/startup_stm32l073xx.o
LOAD /home/padmabl/.eclipse/org.eclipse.platform_4.12.0_155965261_linux_gtk_x86_64/plugins/fr.ac6.mcu.externaltools.arm-none.linux64_1.17.0.201812190825/tools/compiler/bin/../lib/gcc/arm-none-eabi/7.3.1/../../../../arm-none-eabi/lib/thumb/v6-m/libm.a
START GROUP
LOAD /home/padmabl/.eclipse/org.eclipse.platform_4.12.0_155965261_linux_gtk_x86_64/plugins/fr.ac6.mcu.externaltools.arm-none.linux64_1.17.0.201812190825/tools/compiler/bin/../lib/gcc/arm-none-eabi/7.3.1/thumb/v6-m/libgcc.a
LOAD /home/padmabl/.eclipse/org.eclipse.platform_4.12.0_155965261_linux_gtk_x86_64/plugins/fr.ac6.mcu.externaltools.arm-none.linux64_1.17.0.201812190825/tools/compiler/bin/../lib/gcc/arm-none-eabi/7.3.1/../../../../arm-none-eabi/lib/thumb/v6-m/libc_nano.a
END GROUP
START GROUP
LOAD /home/padmabl/.eclipse/org.eclipse.platform_4.12.0_155965261_linux_gtk_x86_64/plugins/fr.ac6.mcu.externaltools.arm-none.linux64_1.17.0.201812190825/tools/compiler/bin/../lib/gcc/arm-none-eabi/7.3.1/thumb/v6-m/libgcc.a
LOAD /home/padmabl/.eclipse/org.eclipse.platform_4.12.0_155965261_linux_gtk_x86_64/plugins/fr.ac6.mcu.externaltools.arm-none.linux64_1.17.0.201812190825/tools/compiler/bin/../lib/gcc/arm-none-eabi/7.3.1/../../../../arm-none-eabi/lib/thumb/v6-m/libc_nano.a
LOAD /home/padmabl/.eclipse/org.eclipse.platform_4.12.0_155965261_linux_gtk_x86_64/plugins/fr.ac6.mcu.externaltools.arm-none.linux64_1.17.0.201812190825/tools/compiler/bin/../lib/gcc/arm-none-eabi/7.3.1/../../../../arm-none-eabi/lib/thumb/v6-m/libnosys.a
END GROUP
START GROUP
LOAD /home/padmabl/.eclipse/org.eclipse.platform_4.12.0_155965261_linux_gtk_x86_64/plugins/fr.ac6.mcu.externaltools.arm-none.linux64_1.17.0.201812190825/tools/compiler/bin/../lib/gcc/arm-none-eabi/7.3.1/thumb/v6-m/libgcc.a
LOAD /home/padmabl/.eclipse/org.eclipse.platform_4.12.0_155965261_linux_gtk_x86_64/plugins/fr.ac6.mcu.externaltools.arm-none.linux64_1.17.0.201812190825/tools/compiler/bin/../lib/gcc/arm-none-eabi/7.3.1/../../../../arm-none-eabi/lib/thumb/v6-m/libc_nano.a
LOAD /home/padmabl/.eclipse/org.eclipse.platform_4.12.0_155965261_linux_gtk_x86_64/plugins/fr.ac6.mcu.externaltools.arm-none.linux64_1.17.0.201812190825/tools/compiler/bin/../lib/gcc/arm-none-eabi/7.3.1/../../../../arm-none-eabi/lib/thumb/v6-m/libnosys.a
END GROUP
LOAD /home/padmabl/.eclipse/org.eclipse.platform_4.12.0_155965261_linux_gtk_x86_64/plugins/fr.ac6.mcu.externaltools.arm-none.linux64_1.17.0.201812190825/tools/compiler/bin/../lib/gcc/arm-none-eabi/7.3.1/thumb/v6-m/crtend.o
LOAD /home/padmabl/.eclipse/org.eclipse.platform_4.12.0_155965261_linux_gtk_x86_64/plugins/fr.ac6.mcu.externaltools.arm-none.linux64_1.17.0.201812190825/tools/compiler/bin/../lib/gcc/arm-none-eabi/7.3.1/thumb/v6-m/crtn.o
                0x0000000020005000                _estack = 0x20005000
                0x0000000000000200                _Min_Heap_Size = 0x200
                0x0000000000000400                _Min_Stack_Size = 0x400

.isr_vector     0x0000000008000000       0xc0
                0x0000000008000000                . = ALIGN (0x4)
 *(.isr_vector)
 .isr_vector    0x0000000008000000       0xc0 startup/startup_stm32l073xx.o
                0x0000000008000000                g_pfnVectors
                0x00000000080000c0                . = ALIGN (0x4)

.text           0x00000000080000c0     0x4498
                0x00000000080000c0                . = ALIGN (0x4)
 *(.text)
 .text          0x00000000080000c0       0x48 /home/padmabl/.eclipse/org.eclipse.platform_4.12.0_155965261_linux_gtk_x86_64/plugins/fr.ac6.mcu.externaltools.arm-none.linux64_1.17.0.201812190825/tools/compiler/bin/../lib/gcc/arm-none-eabi/7.3.1/thumb/v6-m/crtbegin.o
 .text          0x0000000008000108      0x114 /home/padmabl/.eclipse/org.eclipse.platform_4.12.0_155965261_linux_gtk_x86_64/plugins/fr.ac6.mcu.externaltools.arm-none.linux64_1.17.0.201812190825/tools/compiler/bin/../lib/gcc/arm-none-eabi/7.3.1/thumb/v6-m/libgcc.a(_udivsi3.o)
                0x0000000008000108                __udivsi3
                0x0000000008000108                __aeabi_uidiv
                0x0000000008000214                __aeabi_uidivmod
 .text          0x000000000800021c        0x4 /home/padmabl/.eclipse/org.eclipse.platform_4.12.0_155965261_linux_gtk_x86_64/plugins/fr.ac6.mcu.externaltools.arm-none.linux64_1.17.0.201812190825/tools/compiler/bin/../lib/gcc/arm-none-eabi/7.3.1/thumb/v6-m/libgcc.a(_dvmd_tls.o)
                0x000000000800021c                __aeabi_ldiv0
                0x000000000800021c                __aeabi_idiv0
 .text          0x0000000008000220       0x7c /home/padmabl/.eclipse/org.eclipse.platform_4.12.0_155965261_linux_gtk_x86_64/plugins/fr.ac6.mcu.externaltools.arm-none.linux64_1.17.0.201812190825/tools/compiler/bin/../lib/gcc/arm-none-eabi/7.3.1/thumb/v6-m/libgcc.a(_arm_cmpdf2.o)
                0x0000000008000220                __aeabi_cdrcmple
                0x0000000008000230                __aeabi_cdcmple
                0x0000000008000230                __aeabi_cdcmpeq
                0x0000000008000240                __aeabi_dcmpeq
                0x000000000800024c                __aeabi_dcmplt
                0x0000000008000260                __aeabi_dcmple
                0x0000000008000274                __aeabi_dcmpgt
                0x0000000008000288                __aeabi_dcmpge
 .text          0x000000000800029c       0x74 /home/padmabl/.eclipse/org.eclipse.platform_4.12.0_155965261_linux_gtk_x86_64/plugins/fr.ac6.mcu.externaltools.arm-none.linux64_1.17.0.201812190825/tools/compiler/bin/../lib/gcc/arm-none-eabi/7.3.1/thumb/v6-m/libgcc.a(_arm_cmpsf2.o)
                0x000000000800029c                __aeabi_cfrcmple
                0x00000000080002a4                __aeabi_cfcmple
                0x00000000080002a4                __aeabi_cfcmpeq
                0x00000000080002b4                __aeabi_fcmpeq
                0x00000000080002c0                __aeabi_fcmplt
                0x00000000080002d4                __aeabi_fcmple
                0x00000000080002e8                __aeabi_fcmpgt
                0x00000000080002fc                __aeabi_fcmpge
 .text          0x0000000008000310       0x40 /home/padmabl/.eclipse/org.eclipse.platform_4.12.0_155965261_linux_gtk_x86_64/plugins/fr.ac6.mcu.externaltools.arm-none.linux64_1.17.0.201812190825/tools/compiler/bin/../lib/gcc/arm-none-eabi/7.3.1/thumb/v6-m/libgcc.a(_aeabi_uldivmod.o)
                0x0000000008000310                __aeabi_uldivmod
 .text          0x0000000008000350       0x30 /home/padmabl/.eclipse/org.eclipse.platform_4.12.0_155965261_linux_gtk_x86_64/plugins/fr.ac6.mcu.externaltools.arm-none.linux64_1.17.0.201812190825/tools/compiler/bin/../lib/gcc/arm-none-eabi/7.3.1/thumb/v6-m/libgcc.a(_fixunssfsi.o)
                0x0000000008000350                __aeabi_f2uiz
                0x0000000008000350                __fixunssfsi
 .text          0x0000000008000380      0x184 /home/padmabl/.eclipse/org.eclipse.platform_4.12.0_155965261_linux_gtk_x86_64/plugins/fr.ac6.mcu.externaltools.arm-none.linux64_1.17.0.201812190825/tools/compiler/bin/../lib/gcc/arm-none-eabi/7.3.1/thumb/v6-m/libgcc.a(_udivmoddi4.o)
                0x0000000008000380                __udivmoddi4
 .text          0x0000000008000504       0x50 /home/padmabl/.eclipse/org.eclipse.platform_4.12.0_155965261_linux_gtk_x86_64/plugins/fr.ac6.mcu.externaltools.arm-none.linux64_1.17.0.201812190825/tools/compiler/bin/../lib/gcc/arm-none-eabi/7.3.1/thumb/v6-m/libgcc.a(eqsf2.o)
                0x0000000008000504                __nesf2
                0x0000000008000504                __eqsf2
 .text          0x0000000008000554       0x9c /home/padmabl/.eclipse/org.eclipse.platform_4.12.0_155965261_linux_gtk_x86_64/plugins/fr.ac6.mcu.externaltools.arm-none.linux64_1.17.0.201812190825/tools/compiler/bin/../lib/gcc/arm-none-eabi/7.3.1/thumb/v6-m/libgcc.a(gesf2.o)
                0x0000000008000554                __gtsf2
                0x0000000008000554                __gesf2
 .text          0x00000000080005f0       0xa0 /home/padmabl/.eclipse/org.eclipse.platform_4.12.0_155965261_linux_gtk_x86_64/plugins/fr.ac6.mcu.externaltools.arm-none.linux64_1.17.0.201812190825/tools/compiler/bin/../lib/gcc/arm-none-eabi/7.3.1/thumb/v6-m/libgcc.a(lesf2.o)
                0x00000000080005f0                __lesf2
                0x00000000080005f0                __ltsf2
 .text          0x0000000008000690      0x264 /home/padmabl/.eclipse/org.eclipse.platform_4.12.0_155965261_linux_gtk_x86_64/plugins/fr.ac6.mcu.externaltools.arm-none.linux64_1.17.0.201812190825/tools/compiler/bin/../lib/gcc/arm-none-eabi/7.3.1/thumb/v6-m/libgcc.a(mulsf3.o)
                0x0000000008000690                __aeabi_fmul
 .text          0x00000000080008f4      0x388 /home/padmabl/.eclipse/org.eclipse.platform_4.12.0_155965261_linux_gtk_x86_64/plugins/fr.ac6.mcu.externaltools.arm-none.linux64_1.17.0.201812190825/tools/compiler/bin/../lib/gcc/arm-none-eabi/7.3.1/thumb/v6-m/libgcc.a(subsf3.o)
                0x00000000080008f4                __aeabi_fsub
 .text          0x0000000008000c7c       0x40 /home/padmabl/.eclipse/org.eclipse.platform_4.12.0_155965261_linux_gtk_x86_64/plugins/fr.ac6.mcu.externaltools.arm-none.linux64_1.17.0.201812190825/tools/compiler/bin/../lib/gcc/arm-none-eabi/7.3.1/thumb/v6-m/libgcc.a(fixsfsi.o)
                0x0000000008000c7c                __aeabi_f2iz
 .text          0x0000000008000cbc       0x78 /home/padmabl/.eclipse/org.eclipse.platform_4.12.0_155965261_linux_gtk_x86_64/plugins/fr.ac6.mcu.externaltools.arm-none.linux64_1.17.0.201812190825/tools/compiler/bin/../lib/gcc/arm-none-eabi/7.3.1/thumb/v6-m/libgcc.a(eqdf2.o)
                0x0000000008000cbc                __eqdf2
                0x0000000008000cbc                __nedf2
 .text          0x0000000008000d34       0xc8 /home/padmabl/.eclipse/org.eclipse.platform_4.12.0_155965261_linux_gtk_x86_64/plugins/fr.ac6.mcu.externaltools.arm-none.linux64_1.17.0.201812190825/tools/compiler/bin/../lib/gcc/arm-none-eabi/7.3.1/thumb/v6-m/libgcc.a(gedf2.o)
                0x0000000008000d34                __gtdf2
                0x0000000008000d34                __gedf2
 .text          0x0000000008000dfc       0xd0 /home/padmabl/.eclipse/org.eclipse.platform_4.12.0_155965261_linux_gtk_x86_64/plugins/fr.ac6.mcu.externaltools.arm-none.linux64_1.17.0.201812190825/tools/compiler/bin/../lib/gcc/arm-none-eabi/7.3.1/thumb/v6-m/libgcc.a(ledf2.o)
                0x0000000008000dfc                __ltdf2
                0x0000000008000dfc                __ledf2
 .text          0x0000000008000ecc      0x4e4 /home/padmabl/.eclipse/org.eclipse.platform_4.12.0_155965261_linux_gtk_x86_64/plugins/fr.ac6.mcu.externaltools.arm-none.linux64_1.17.0.201812190825/tools/compiler/bin/../lib/gcc/arm-none-eabi/7.3.1/thumb/v6-m/libgcc.a(muldf3.o)
                0x0000000008000ecc                __aeabi_dmul
 .text          0x00000000080013b0      0x690 /home/padmabl/.eclipse/org.eclipse.platform_4.12.0_155965261_linux_gtk_x86_64/plugins/fr.ac6.mcu.externaltools.arm-none.linux64_1.17.0.201812190825/tools/compiler/bin/../lib/gcc/arm-none-eabi/7.3.1/thumb/v6-m/libgcc.a(subdf3.o)
                0x00000000080013b0                __aeabi_dsub
 .text          0x0000000008001a40       0x74 /home/padmabl/.eclipse/org.eclipse.platform_4.12.0_155965261_linux_gtk_x86_64/plugins/fr.ac6.mcu.externaltools.arm-none.linux64_1.17.0.201812190825/tools/compiler/bin/../lib/gcc/arm-none-eabi/7.3.1/thumb/v6-m/libgcc.a(floatsidf.o)
                0x0000000008001a40                __aeabi_i2d
 .text          0x0000000008001ab4       0x64 /home/padmabl/.eclipse/org.eclipse.platform_4.12.0_155965261_linux_gtk_x86_64/plugins/fr.ac6.mcu.externaltools.arm-none.linux64_1.17.0.201812190825/tools/compiler/bin/../lib/gcc/arm-none-eabi/7.3.1/thumb/v6-m/libgcc.a(floatunsidf.o)
                0x0000000008001ab4                __aeabi_ui2d
 .text          0x0000000008001b18       0xa4 /home/padmabl/.eclipse/org.eclipse.platform_4.12.0_155965261_linux_gtk_x86_64/plugins/fr.ac6.mcu.externaltools.arm-none.linux64_1.17.0.201812190825/tools/compiler/bin/../lib/gcc/arm-none-eabi/7.3.1/thumb/v6-m/libgcc.a(extendsfdf2.o)
                0x0000000008001b18                __aeabi_f2d
 .text          0x0000000008001bbc      0x108 /home/padmabl/.eclipse/org.eclipse.platform_4.12.0_155965261_linux_gtk_x86_64/plugins/fr.ac6.mcu.externaltools.arm-none.linux64_1.17.0.201812190825/tools/compiler/bin/../lib/gcc/arm-none-eabi/7.3.1/thumb/v6-m/libgcc.a(truncdfsf2.o)
                0x0000000008001bbc                __aeabi_d2f
 .text          0x0000000008001cc4       0x3c /home/padmabl/.eclipse/org.eclipse.platform_4.12.0_155965261_linux_gtk_x86_64/plugins/fr.ac6.mcu.externaltools.arm-none.linux64_1.17.0.201812190825/tools/compiler/bin/../lib/gcc/arm-none-eabi/7.3.1/thumb/v6-m/libgcc.a(_clzsi2.o)
                0x0000000008001cc4                __clzsi2
 .text          0x0000000008001d00       0x18 /home/padmabl/.eclipse/org.eclipse.platform_4.12.0_155965261_linux_gtk_x86_64/plugins/fr.ac6.mcu.externaltools.arm-none.linux64_1.17.0.201812190825/tools/compiler/bin/../lib/gcc/arm-none-eabi/7.3.1/thumb/v6-m/libgcc.a(_clzdi2.o)
                0x0000000008001d00                __clzdi2
 *(.text*)
 .text.HAL_InitTick
                0x0000000008001d18       0x28 Drivers/STM32L0xx_HAL_Driver/Src/stm32l0xx_hal.o
                0x0000000008001d18                HAL_InitTick
 .text.HAL_Init
                0x0000000008001d40       0x20 Drivers/STM32L0xx_HAL_Driver/Src/stm32l0xx_hal.o
                0x0000000008001d40                HAL_Init
 .text.HAL_IncTick
                0x0000000008001d60       0x10 Drivers/STM32L0xx_HAL_Driver/Src/stm32l0xx_hal.o
                0x0000000008001d60                HAL_IncTick
 .text.HAL_GetTick
                0x0000000008001d70        0xc Drivers/STM32L0xx_HAL_Driver/Src/stm32l0xx_hal.o
                0x0000000008001d70                HAL_GetTick
 .text.HAL_Delay
                0x0000000008001d7c       0x1c Drivers/STM32L0xx_HAL_Driver/Src/stm32l0xx_hal.o
                0x0000000008001d7c                HAL_Delay
 .text.ADC_DelayMicroSecond
                0x0000000008001d98       0x30 Drivers/STM32L0xx_HAL_Driver/Src/stm32l0xx_hal_adc.o
 .text.ADC_Enable
                0x0000000008001dc8       0x78 Drivers/STM32L0xx_HAL_Driver/Src/stm32l0xx_hal_adc.o
 .text.HAL_ADC_Init
                0x0000000008001e40      0x1e0 Drivers/STM32L0xx_HAL_Driver/Src/stm32l0xx_hal_adc.o
                0x0000000008001e40                HAL_ADC_Init
 .text.HAL_ADC_Start_DMA
                0x0000000008002020       0xa8 Drivers/STM32L0xx_HAL_Driver/Src/stm32l0xx_hal_adc.o
                0x0000000008002020                HAL_ADC_Start_DMA
 .text.ADC_DMAConvCplt
                0x00000000080020c8       0x70 Drivers/STM32L0xx_HAL_Driver/Src/stm32l0xx_hal_adc.o
 .text.HAL_ADC_ConvHalfCpltCallback
                0x0000000008002138        0x2 Drivers/STM32L0xx_HAL_Driver/Src/stm32l0xx_hal_adc.o
                0x0000000008002138                HAL_ADC_ConvHalfCpltCallback
 .text.ADC_DMAHalfConvCplt
                0x000000000800213a        0xa Drivers/STM32L0xx_HAL_Driver/Src/stm32l0xx_hal_adc.o
 .text.HAL_ADC_ErrorCallback
                0x0000000008002144        0x2 Drivers/STM32L0xx_HAL_Driver/Src/stm32l0xx_hal_adc.o
                0x0000000008002144                HAL_ADC_ErrorCallback
 .text.ADC_DMAError
                0x0000000008002146       0x1a Drivers/STM32L0xx_HAL_Driver/Src/stm32l0xx_hal_adc.o
 .text.HAL_ADC_ConfigChannel
                0x0000000008002160       0xe0 Drivers/STM32L0xx_HAL_Driver/Src/stm32l0xx_hal_adc.o
                0x0000000008002160                HAL_ADC_ConfigChannel
 .text.HAL_NVIC_SetPriority
                0x0000000008002240       0x60 Drivers/STM32L0xx_HAL_Driver/Src/stm32l0xx_hal_cortex.o
                0x0000000008002240                HAL_NVIC_SetPriority
 .text.HAL_NVIC_EnableIRQ
                0x00000000080022a0       0x14 Drivers/STM32L0xx_HAL_Driver/Src/stm32l0xx_hal_cortex.o
                0x00000000080022a0                HAL_NVIC_EnableIRQ
 .text.HAL_SYSTICK_Config
                0x00000000080022b4       0x38 Drivers/STM32L0xx_HAL_Driver/Src/stm32l0xx_hal_cortex.o
                0x00000000080022b4                HAL_SYSTICK_Config
 .text.HAL_SYSTICK_CLKSourceConfig
                0x00000000080022ec       0x20 Drivers/STM32L0xx_HAL_Driver/Src/stm32l0xx_hal_cortex.o
                0x00000000080022ec                HAL_SYSTICK_CLKSourceConfig
 .text.HAL_SYSTICK_Callback
                0x000000000800230c        0x2 Drivers/STM32L0xx_HAL_Driver/Src/stm32l0xx_hal_cortex.o
                0x000000000800230c                HAL_SYSTICK_Callback
 .text.HAL_SYSTICK_IRQHandler
                0x000000000800230e        0x8 Drivers/STM32L0xx_HAL_Driver/Src/stm32l0xx_hal_cortex.o
                0x000000000800230e                HAL_SYSTICK_IRQHandler
 .text.DMA_SetConfig
                0x0000000008002316       0x20 Drivers/STM32L0xx_HAL_Driver/Src/stm32l0xx_hal_dma.o
 *fill*         0x0000000008002336        0x2 
 .text.HAL_DMA_Init
                0x0000000008002338      0x14c Drivers/STM32L0xx_HAL_Driver/Src/stm32l0xx_hal_dma.o
                0x0000000008002338                HAL_DMA_Init
 .text.HAL_DMA_Start_IT
                0x0000000008002484       0x52 Drivers/STM32L0xx_HAL_Driver/Src/stm32l0xx_hal_dma.o
                0x0000000008002484                HAL_DMA_Start_IT
 *fill*         0x00000000080024d6        0x2 
 .text.HAL_DMA_IRQHandler
                0x00000000080024d8      0x280 Drivers/STM32L0xx_HAL_Driver/Src/stm32l0xx_hal_dma.o
                0x00000000080024d8                HAL_DMA_IRQHandler
 .text.HAL_GPIO_Init
                0x0000000008002758      0x19c Drivers/STM32L0xx_HAL_Driver/Src/stm32l0xx_hal_gpio.o
                0x0000000008002758                HAL_GPIO_Init
 .text.HAL_GPIO_WritePin
                0x00000000080028f4        0xc Drivers/STM32L0xx_HAL_Driver/Src/stm32l0xx_hal_gpio.o
                0x00000000080028f4                HAL_GPIO_WritePin
 .text.RCC_SetFlashLatencyFromMSIRange
                0x0000000008002900       0x80 Drivers/STM32L0xx_HAL_Driver/Src/stm32l0xx_hal_rcc.o
 .text.HAL_RCC_OscConfig
                0x0000000008002980      0x580 Drivers/STM32L0xx_HAL_Driver/Src/stm32l0xx_hal_rcc.o
                0x0000000008002980                HAL_RCC_OscConfig
 .text.HAL_RCC_GetSysClockFreq
                0x0000000008002f00       0xb0 Drivers/STM32L0xx_HAL_Driver/Src/stm32l0xx_hal_rcc.o
                0x0000000008002f00                HAL_RCC_GetSysClockFreq
 .text.HAL_RCC_ClockConfig
                0x0000000008002fb0      0x1a0 Drivers/STM32L0xx_HAL_Driver/Src/stm32l0xx_hal_rcc.o
                0x0000000008002fb0                HAL_RCC_ClockConfig
 .text.HAL_RCC_GetHCLKFreq
                0x0000000008003150        0xc Drivers/STM32L0xx_HAL_Driver/Src/stm32l0xx_hal_rcc.o
                0x0000000008003150                HAL_RCC_GetHCLKFreq
 .text.HAL_RCC_GetPCLK1Freq
                0x000000000800315c       0x20 Drivers/STM32L0xx_HAL_Driver/Src/stm32l0xx_hal_rcc.o
                0x000000000800315c                HAL_RCC_GetPCLK1Freq
 .text.HAL_RCC_GetPCLK2Freq
                0x000000000800317c       0x20 Drivers/STM32L0xx_HAL_Driver/Src/stm32l0xx_hal_rcc.o
                0x000000000800317c                HAL_RCC_GetPCLK2Freq
 .text.HAL_RCCEx_PeriphCLKConfig
                0x000000000800319c      0x210 Drivers/STM32L0xx_HAL_Driver/Src/stm32l0xx_hal_rcc_ex.o
                0x000000000800319c                HAL_RCCEx_PeriphCLKConfig
 .text.HAL_RCCEx_GetPeriphCLKFreq
                0x00000000080033ac      0x2c0 Drivers/STM32L0xx_HAL_Driver/Src/stm32l0xx_hal_rcc_ex.o
                0x00000000080033ac                HAL_RCCEx_GetPeriphCLKFreq
 .text.UART_SetConfig
                0x000000000800366c      0x358 Drivers/STM32L0xx_HAL_Driver/Src/stm32l0xx_hal_uart.o
                0x000000000800366c                UART_SetConfig
 .text.UART_AdvFeatureConfig
                0x00000000080039c4       0xe0 Drivers/STM32L0xx_HAL_Driver/Src/stm32l0xx_hal_uart.o
                0x00000000080039c4                UART_AdvFeatureConfig
 .text.UART_WaitOnFlagUntilTimeout
                0x0000000008003aa4       0x6c Drivers/STM32L0xx_HAL_Driver/Src/stm32l0xx_hal_uart.o
                0x0000000008003aa4                UART_WaitOnFlagUntilTimeout
 .text.HAL_UART_Transmit
                0x0000000008003b10       0xe2 Drivers/STM32L0xx_HAL_Driver/Src/stm32l0xx_hal_uart.o
                0x0000000008003b10                HAL_UART_Transmit
 *fill*         0x0000000008003bf2        0x2 
 .text.UART_CheckIdleState
                0x0000000008003bf4       0x70 Drivers/STM32L0xx_HAL_Driver/Src/stm32l0xx_hal_uart.o
                0x0000000008003bf4                UART_CheckIdleState
 .text.HAL_UART_Init
                0x0000000008003c64       0x70 Drivers/STM32L0xx_HAL_Driver/Src/stm32l0xx_hal_uart.o
                0x0000000008003c64                HAL_UART_Init
 .text.MX_GPIO_Init
                0x0000000008003cd4       0x7c Src/main.o
 .text.MX_DMA_Init
                0x0000000008003d50       0x30 Src/main.o
 .text.HAL_ADC_ConvCpltCallback
                0x0000000008003d80       0x1c Src/main.o
                0x0000000008003d80                HAL_ADC_ConvCpltCallback
 .text.send_to_pc
                0x0000000008003d9c       0x44 Src/main.o
                0x0000000008003d9c                send_to_pc
 .text.convert_to_ppm
                0x0000000008003de0      0x190 Src/main.o
                0x0000000008003de0                convert_to_ppm
 .text._Error_Handler
                0x0000000008003f70        0x2 Src/main.o
                0x0000000008003f70                _Error_Handler
 *fill*         0x0000000008003f72        0x2 
 .text.MX_USART2_UART_Init
                0x0000000008003f74       0x44 Src/main.o
 .text.MX_ADC_Init
                0x0000000008003fb8       0x9c Src/main.o
 .text.MX_USART1_UART_Init
                0x0000000008004054       0x44 Src/main.o
 .text.SystemClock_Config
                0x0000000008004098       0xb0 Src/main.o
                0x0000000008004098                SystemClock_Config
 .text.main     0x0000000008004148      0x1a0 Src/main.o
                0x0000000008004148                main
 .text.HAL_MspInit
                0x00000000080042e8       0x40 Src/stm32l0xx_hal_msp.o
                0x00000000080042e8                HAL_MspInit
 .text.HAL_ADC_MspInit
                0x0000000008004328       0x80 Src/stm32l0xx_hal_msp.o
                0x0000000008004328                HAL_ADC_MspInit
 .text.HAL_UART_MspInit
                0x00000000080043a8       0x7c Src/stm32l0xx_hal_msp.o
                0x00000000080043a8                HAL_UART_MspInit
 .text.NMI_Handler
                0x0000000008004424        0x2 Src/stm32l0xx_it.o
                0x0000000008004424                NMI_Handler
 .text.HardFault_Handler
                0x0000000008004426        0x2 Src/stm32l0xx_it.o
                0x0000000008004426                HardFault_Handler
 .text.SVC_Handler
                0x0000000008004428        0x2 Src/stm32l0xx_it.o
                0x0000000008004428                SVC_Handler
 .text.PendSV_Handler
                0x000000000800442a        0x2 Src/stm32l0xx_it.o
                0x000000000800442a                PendSV_Handler
 .text.SysTick_Handler
                0x000000000800442c        0xc Src/stm32l0xx_it.o
                0x000000000800442c                SysTick_Handler
 .text.DMA1_Channel1_IRQHandler
                0x0000000008004438       0x10 Src/stm32l0xx_it.o
                0x0000000008004438                DMA1_Channel1_IRQHandler
 .text.SystemInit
                0x0000000008004448       0x5c Src/system_stm32l0xx.o
                0x0000000008004448                SystemInit
 .text.Reset_Handler
                0x00000000080044a4       0x50 startup/startup_stm32l073xx.o
                0x00000000080044a4                Reset_Handler
 .text.Default_Handler
                0x00000000080044f4        0x2 startup/startup_stm32l073xx.o
                0x00000000080044f4                TSC_IRQHandler
                0x00000000080044f4                ADC1_COMP_IRQHandler
                0x00000000080044f4                PVD_IRQHandler
                0x00000000080044f4                I2C1_IRQHandler
                0x00000000080044f4                RCC_CRS_IRQHandler
                0x00000000080044f4                SPI1_IRQHandler
                0x00000000080044f4                TIM6_DAC_IRQHandler
                0x00000000080044f4                EXTI2_3_IRQHandler
                0x00000000080044f4                I2C2_IRQHandler
                0x00000000080044f4                RTC_IRQHandler
                0x00000000080044f4                LCD_IRQHandler
                0x00000000080044f4                DMA1_Channel4_5_6_7_IRQHandler
                0x00000000080044f4                TIM3_IRQHandler
                0x00000000080044f4                EXTI4_15_IRQHandler
                0x00000000080044f4                USART4_5_IRQHandler
                0x00000000080044f4                Default_Handler
                0x00000000080044f4                TIM22_IRQHandler
                0x00000000080044f4                TIM7_IRQHandler
                0x00000000080044f4                EXTI0_1_IRQHandler
                0x00000000080044f4                USB_IRQHandler
                0x00000000080044f4                I2C3_IRQHandler
                0x00000000080044f4                SPI2_IRQHandler
                0x00000000080044f4                TIM21_IRQHandler
                0x00000000080044f4                WWDG_IRQHandler
                0x00000000080044f4                TIM2_IRQHandler
                0x00000000080044f4                DMA1_Channel2_3_IRQHandler
                0x00000000080044f4                USART2_IRQHandler
                0x00000000080044f4                FLASH_IRQHandler
                0x00000000080044f4                USART1_IRQHandler
                0x00000000080044f4                RNG_LPUART1_IRQHandler
                0x00000000080044f4                LPTIM1_IRQHandler
 *fill*         0x00000000080044f6        0x2 
 .text.__libc_init_array
                0x00000000080044f8       0x48 /home/padmabl/.eclipse/org.eclipse.platform_4.12.0_155965261_linux_gtk_x86_64/plugins/fr.ac6.mcu.externaltools.arm-none.linux64_1.17.0.201812190825/tools/compiler/bin/../lib/gcc/arm-none-eabi/7.3.1/../../../../arm-none-eabi/lib/thumb/v6-m/libc_nano.a(lib_a-init.o)
                0x00000000080044f8                __libc_init_array
 *(.glue_7)
 .glue_7        0x0000000008004540        0x0 linker stubs
 *(.glue_7t)
 .glue_7t       0x0000000008004540        0x0 linker stubs
 *(.eh_frame)
 .eh_frame      0x0000000008004540        0x0 /home/padmabl/.eclipse/org.eclipse.platform_4.12.0_155965261_linux_gtk_x86_64/plugins/fr.ac6.mcu.externaltools.arm-none.linux64_1.17.0.201812190825/tools/compiler/bin/../lib/gcc/arm-none-eabi/7.3.1/thumb/v6-m/crtbegin.o
 *(.init)
 .init          0x0000000008004540        0x4 /home/padmabl/.eclipse/org.eclipse.platform_4.12.0_155965261_linux_gtk_x86_64/plugins/fr.ac6.mcu.externaltools.arm-none.linux64_1.17.0.201812190825/tools/compiler/bin/../lib/gcc/arm-none-eabi/7.3.1/thumb/v6-m/crti.o
                0x0000000008004540                _init
 .init          0x0000000008004544        0x8 /home/padmabl/.eclipse/org.eclipse.platform_4.12.0_155965261_linux_gtk_x86_64/plugins/fr.ac6.mcu.externaltools.arm-none.linux64_1.17.0.201812190825/tools/compiler/bin/../lib/gcc/arm-none-eabi/7.3.1/thumb/v6-m/crtn.o
 *(.fini)
 .fini          0x000000000800454c        0x4 /home/padmabl/.eclipse/org.eclipse.platform_4.12.0_155965261_linux_gtk_x86_64/plugins/fr.ac6.mcu.externaltools.arm-none.linux64_1.17.0.201812190825/tools/compiler/bin/../lib/gcc/arm-none-eabi/7.3.1/thumb/v6-m/crti.o
                0x000000000800454c                _fini
 .fini          0x0000000008004550        0x8 /home/padmabl/.eclipse/org.eclipse.platform_4.12.0_155965261_linux_gtk_x86_64/plugins/fr.ac6.mcu.externaltools.arm-none.linux64_1.17.0.201812190825/tools/compiler/bin/../lib/gcc/arm-none-eabi/7.3.1/thumb/v6-m/crtn.o
                0x0000000008004558                . = ALIGN (0x4)
                0x0000000008004558                _etext = .

.vfp11_veneer   0x0000000008004558        0x0
 .vfp11_veneer  0x0000000008004558        0x0 linker stubs

.v4_bx          0x0000000008004558        0x0
 .v4_bx         0x0000000008004558        0x0 linker stubs

.iplt           0x0000000008004558        0x0
 .iplt          0x0000000008004558        0x0 /home/padmabl/.eclipse/org.eclipse.platform_4.12.0_155965261_linux_gtk_x86_64/plugins/fr.ac6.mcu.externaltools.arm-none.linux64_1.17.0.201812190825/tools/compiler/bin/../lib/gcc/arm-none-eabi/7.3.1/thumb/v6-m/crtbegin.o

.rodata         0x0000000008004558      0x118
                0x0000000008004558                . = ALIGN (0x4)
 *(.rodata)
 .rodata        0x0000000008004558       0x48 Drivers/STM32L0xx_HAL_Driver/Src/stm32l0xx_hal_uart.o
 .rodata        0x00000000080045a0       0x24 Src/system_stm32l0xx.o
                0x00000000080045a0                PLLMulTable
                0x00000000080045ac                AHBPrescTable
                0x00000000080045bc                APBPrescTable
 .rodata        0x00000000080045c4       0x40 /home/padmabl/.eclipse/org.eclipse.platform_4.12.0_155965261_linux_gtk_x86_64/plugins/fr.ac6.mcu.externaltools.arm-none.linux64_1.17.0.201812190825/tools/compiler/bin/../lib/gcc/arm-none-eabi/7.3.1/thumb/v6-m/libgcc.a(mulsf3.o)
 .rodata        0x0000000008004604       0x40 /home/padmabl/.eclipse/org.eclipse.platform_4.12.0_155965261_linux_gtk_x86_64/plugins/fr.ac6.mcu.externaltools.arm-none.linux64_1.17.0.201812190825/tools/compiler/bin/../lib/gcc/arm-none-eabi/7.3.1/thumb/v6-m/libgcc.a(muldf3.o)
 *(.rodata*)
 .rodata.str1.4
                0x0000000008004644        0xe Src/main.o
 *fill*         0x0000000008004652        0x2 
 .rodata.str1.4
                0x0000000008004654       0x1c Src/stm32l0xx_hal_msp.o
                                         0x1b (size before relaxing)
                0x0000000008004670                . = ALIGN (0x4)

.ARM.extab
 *(.ARM.extab* .gnu.linkonce.armextab.*)

.ARM            0x0000000008004670        0x8
                0x0000000008004670                __exidx_start = .
 *(.ARM.exidx*)
 .ARM.exidx     0x0000000008004670        0x8 /home/padmabl/.eclipse/org.eclipse.platform_4.12.0_155965261_linux_gtk_x86_64/plugins/fr.ac6.mcu.externaltools.arm-none.linux64_1.17.0.201812190825/tools/compiler/bin/../lib/gcc/arm-none-eabi/7.3.1/thumb/v6-m/libgcc.a(_udivmoddi4.o)
                0x0000000008004678                __exidx_end = .

.rel.dyn        0x0000000008004678        0x0
 .rel.iplt      0x0000000008004678        0x0 /home/padmabl/.eclipse/org.eclipse.platform_4.12.0_155965261_linux_gtk_x86_64/plugins/fr.ac6.mcu.externaltools.arm-none.linux64_1.17.0.201812190825/tools/compiler/bin/../lib/gcc/arm-none-eabi/7.3.1/thumb/v6-m/crtbegin.o

.preinit_array  0x0000000008004678        0x0
                0x0000000008004678                PROVIDE (__preinit_array_start = .)
 *(.preinit_array*)
                0x0000000008004678                PROVIDE (__preinit_array_end = .)

.init_array     0x0000000008004678        0x4
                0x0000000008004678                PROVIDE (__init_array_start = .)
 *(SORT_BY_NAME(.init_array.*))
 *(.init_array*)
 .init_array    0x0000000008004678        0x4 /home/padmabl/.eclipse/org.eclipse.platform_4.12.0_155965261_linux_gtk_x86_64/plugins/fr.ac6.mcu.externaltools.arm-none.linux64_1.17.0.201812190825/tools/compiler/bin/../lib/gcc/arm-none-eabi/7.3.1/thumb/v6-m/crtbegin.o
                0x000000000800467c                PROVIDE (__init_array_end = .)

.fini_array     0x000000000800467c        0x4
                [!provide]                        PROVIDE (__fini_array_start = .)
 *(SORT_BY_NAME(.fini_array.*))
 *(.fini_array*)
 .fini_array    0x000000000800467c        0x4 /home/padmabl/.eclipse/org.eclipse.platform_4.12.0_155965261_linux_gtk_x86_64/plugins/fr.ac6.mcu.externaltools.arm-none.linux64_1.17.0.201812190825/tools/compiler/bin/../lib/gcc/arm-none-eabi/7.3.1/thumb/v6-m/crtbegin.o
                [!provide]                        PROVIDE (__fini_array_end = .)
                0x0000000008004680                _sidata = LOADADDR (.data)

.data           0x0000000020000000       0x40 load address 0x0000000008004680
                0x0000000020000000                . = ALIGN (0x4)
                0x0000000020000000                _sdata = .
 *(.data)
 .data          0x0000000020000000       0x3b Src/main.o
                0x0000000020000000                adcString
                0x0000000020000008                range
                0x000000002000000c                vdc_1
                0x0000000020000014                vdc_2
                0x000000002000001c                ppm_1
                0x0000000020000024                ppm_2
                0x000000002000002c                adcString_1
                0x0000000020000034                adcString_2
 *fill*         0x000000002000003b        0x1 
 .data          0x000000002000003c        0x4 Src/system_stm32l0xx.o
                0x000000002000003c                SystemCoreClock
 *(.data*)
                0x0000000020000040                . = ALIGN (0x4)
                0x0000000020000040                _edata = .

.igot.plt       0x0000000020000040        0x0 load address 0x00000000080046c0
 .igot.plt      0x0000000020000040        0x0 /home/padmabl/.eclipse/org.eclipse.platform_4.12.0_155965261_linux_gtk_x86_64/plugins/fr.ac6.mcu.externaltools.arm-none.linux64_1.17.0.201812190825/tools/compiler/bin/../lib/gcc/arm-none-eabi/7.3.1/thumb/v6-m/crtbegin.o
                0x0000000020000040                . = ALIGN (0x4)

.bss            0x0000000020000040      0x1f0 load address 0x00000000080046c0
                0x0000000020000040                _sbss = .
                0x0000000020000040                __bss_start__ = _sbss
 *(.bss)
 .bss           0x0000000020000040       0x1c /home/padmabl/.eclipse/org.eclipse.platform_4.12.0_155965261_linux_gtk_x86_64/plugins/fr.ac6.mcu.externaltools.arm-none.linux64_1.17.0.201812190825/tools/compiler/bin/../lib/gcc/arm-none-eabi/7.3.1/thumb/v6-m/crtbegin.o
 .bss           0x000000002000005c       0x20 Src/main.o
                0x000000002000005c                adc_buf
                0x0000000020000064                adc_val
                0x000000002000006c                v_dc
                0x0000000020000074                ppm
 *(.bss*)
 *(COMMON)
 COMMON         0x000000002000007c        0x4 Drivers/STM32L0xx_HAL_Driver/Src/stm32l0xx_hal.o
                0x000000002000007c                uwTick
 COMMON         0x0000000020000080      0x1b0 Src/main.o
                0x0000000020000080                huart1
                0x00000000200000f0                payload
                0x0000000020000120                huart2
                0x0000000020000190                hdma_adc
                0x00000000200001d0                hadc
                0x0000000020000230                . = ALIGN (0x4)
                0x0000000020000230                _ebss = .
                0x0000000020000230                __bss_end__ = _ebss

._user_heap_stack
                0x0000000020000230      0x600 load address 0x00000000080046c0
                0x0000000020000230                . = ALIGN (0x8)
                [!provide]                        PROVIDE (end = .)
                [!provide]                        PROVIDE (_end = .)
                0x0000000020000430                . = (. + _Min_Heap_Size)
 *fill*         0x0000000020000230      0x200 
                0x0000000020000830                . = (. + _Min_Stack_Size)
 *fill*         0x0000000020000430      0x400 
                0x0000000020000830                . = ALIGN (0x8)

/DISCARD/
 libc.a(*)
 libm.a(*)
 libgcc.a(*)

.ARM.attributes
                0x0000000000000000       0x28
 *(.ARM.attributes)
 .ARM.attributes
                0x0000000000000000       0x1e /home/padmabl/.eclipse/org.eclipse.platform_4.12.0_155965261_linux_gtk_x86_64/plugins/fr.ac6.mcu.externaltools.arm-none.linux64_1.17.0.201812190825/tools/compiler/bin/../lib/gcc/arm-none-eabi/7.3.1/thumb/v6-m/crti.o
 .ARM.attributes
                0x000000000000001e       0x2c /home/padmabl/.eclipse/org.eclipse.platform_4.12.0_155965261_linux_gtk_x86_64/plugins/fr.ac6.mcu.externaltools.arm-none.linux64_1.17.0.201812190825/tools/compiler/bin/../lib/gcc/arm-none-eabi/7.3.1/thumb/v6-m/crtbegin.o
 .ARM.attributes
                0x000000000000004a       0x32 Drivers/STM32L0xx_HAL_Driver/Src/stm32l0xx_hal.o
 .ARM.attributes
                0x000000000000007c       0x32 Drivers/STM32L0xx_HAL_Driver/Src/stm32l0xx_hal_adc.o
 .ARM.attributes
                0x00000000000000ae       0x32 Drivers/STM32L0xx_HAL_Driver/Src/stm32l0xx_hal_cortex.o
 .ARM.attributes
                0x00000000000000e0       0x32 Drivers/STM32L0xx_HAL_Driver/Src/stm32l0xx_hal_dma.o
 .ARM.attributes
                0x0000000000000112       0x32 Drivers/STM32L0xx_HAL_Driver/Src/stm32l0xx_hal_gpio.o
 .ARM.attributes
                0x0000000000000144       0x32 Drivers/STM32L0xx_HAL_Driver/Src/stm32l0xx_hal_rcc.o
 .ARM.attributes
                0x0000000000000176       0x32 Drivers/STM32L0xx_HAL_Driver/Src/stm32l0xx_hal_rcc_ex.o
 .ARM.attributes
                0x00000000000001a8       0x32 Drivers/STM32L0xx_HAL_Driver/Src/stm32l0xx_hal_uart.o
 .ARM.attributes
                0x00000000000001da       0x32 Src/main.o
 .ARM.attributes
                0x000000000000020c       0x32 Src/stm32l0xx_hal_msp.o
 .ARM.attributes
                0x000000000000023e       0x32 Src/stm32l0xx_it.o
 .ARM.attributes
                0x0000000000000270       0x32 Src/system_stm32l0xx.o
 .ARM.attributes
                0x00000000000002a2       0x22 startup/startup_stm32l073xx.o
 .ARM.attributes
                0x00000000000002c4       0x1e /home/padmabl/.eclipse/org.eclipse.platform_4.12.0_155965261_linux_gtk_x86_64/plugins/fr.ac6.mcu.externaltools.arm-none.linux64_1.17.0.201812190825/tools/compiler/bin/../lib/gcc/arm-none-eabi/7.3.1/thumb/v6-m/libgcc.a(_udivsi3.o)
 .ARM.attributes
                0x00000000000002e2       0x1e /home/padmabl/.eclipse/org.eclipse.platform_4.12.0_155965261_linux_gtk_x86_64/plugins/fr.ac6.mcu.externaltools.arm-none.linux64_1.17.0.201812190825/tools/compiler/bin/../lib/gcc/arm-none-eabi/7.3.1/thumb/v6-m/libgcc.a(_dvmd_tls.o)
 .ARM.attributes
                0x0000000000000300       0x1e /home/padmabl/.eclipse/org.eclipse.platform_4.12.0_155965261_linux_gtk_x86_64/plugins/fr.ac6.mcu.externaltools.arm-none.linux64_1.17.0.201812190825/tools/compiler/bin/../lib/gcc/arm-none-eabi/7.3.1/thumb/v6-m/libgcc.a(_arm_cmpdf2.o)
 .ARM.attributes
                0x000000000000031e       0x1e /home/padmabl/.eclipse/org.eclipse.platform_4.12.0_155965261_linux_gtk_x86_64/plugins/fr.ac6.mcu.externaltools.arm-none.linux64_1.17.0.201812190825/tools/compiler/bin/../lib/gcc/arm-none-eabi/7.3.1/thumb/v6-m/libgcc.a(_arm_cmpsf2.o)
 .ARM.attributes
                0x000000000000033c       0x1e /home/padmabl/.eclipse/org.eclipse.platform_4.12.0_155965261_linux_gtk_x86_64/plugins/fr.ac6.mcu.externaltools.arm-none.linux64_1.17.0.201812190825/tools/compiler/bin/../lib/gcc/arm-none-eabi/7.3.1/thumb/v6-m/libgcc.a(_aeabi_uldivmod.o)
 .ARM.attributes
                0x000000000000035a       0x2c /home/padmabl/.eclipse/org.eclipse.platform_4.12.0_155965261_linux_gtk_x86_64/plugins/fr.ac6.mcu.externaltools.arm-none.linux64_1.17.0.201812190825/tools/compiler/bin/../lib/gcc/arm-none-eabi/7.3.1/thumb/v6-m/libgcc.a(_fixunssfsi.o)
 .ARM.attributes
                0x0000000000000386       0x2c /home/padmabl/.eclipse/org.eclipse.platform_4.12.0_155965261_linux_gtk_x86_64/plugins/fr.ac6.mcu.externaltools.arm-none.linux64_1.17.0.201812190825/tools/compiler/bin/../lib/gcc/arm-none-eabi/7.3.1/thumb/v6-m/libgcc.a(_udivmoddi4.o)
 .ARM.attributes
                0x00000000000003b2       0x2c /home/padmabl/.eclipse/org.eclipse.platform_4.12.0_155965261_linux_gtk_x86_64/plugins/fr.ac6.mcu.externaltools.arm-none.linux64_1.17.0.201812190825/tools/compiler/bin/../lib/gcc/arm-none-eabi/7.3.1/thumb/v6-m/libgcc.a(eqsf2.o)
 .ARM.attributes
                0x00000000000003de       0x2c /home/padmabl/.eclipse/org.eclipse.platform_4.12.0_155965261_linux_gtk_x86_64/plugins/fr.ac6.mcu.externaltools.arm-none.linux64_1.17.0.201812190825/tools/compiler/bin/../lib/gcc/arm-none-eabi/7.3.1/thumb/v6-m/libgcc.a(gesf2.o)
 .ARM.attributes
                0x000000000000040a       0x2c /home/padmabl/.eclipse/org.eclipse.platform_4.12.0_155965261_linux_gtk_x86_64/plugins/fr.ac6.mcu.externaltools.arm-none.linux64_1.17.0.201812190825/tools/compiler/bin/../lib/gcc/arm-none-eabi/7.3.1/thumb/v6-m/libgcc.a(lesf2.o)
 .ARM.attributes
                0x0000000000000436       0x2c /home/padmabl/.eclipse/org.eclipse.platform_4.12.0_155965261_linux_gtk_x86_64/plugins/fr.ac6.mcu.externaltools.arm-none.linux64_1.17.0.201812190825/tools/compiler/bin/../lib/gcc/arm-none-eabi/7.3.1/thumb/v6-m/libgcc.a(mulsf3.o)
 .ARM.attributes
                0x0000000000000462       0x2c /home/padmabl/.eclipse/org.eclipse.platform_4.12.0_155965261_linux_gtk_x86_64/plugins/fr.ac6.mcu.externaltools.arm-none.linux64_1.17.0.201812190825/tools/compiler/bin/../lib/gcc/arm-none-eabi/7.3.1/thumb/v6-m/libgcc.a(subsf3.o)
 .ARM.attributes
                0x000000000000048e       0x2c /home/padmabl/.eclipse/org.eclipse.platform_4.12.0_155965261_linux_gtk_x86_64/plugins/fr.ac6.mcu.externaltools.arm-none.linux64_1.17.0.201812190825/tools/compiler/bin/../lib/gcc/arm-none-eabi/7.3.1/thumb/v6-m/libgcc.a(fixsfsi.o)
 .ARM.attributes
                0x00000000000004ba       0x2c /home/padmabl/.eclipse/org.eclipse.platform_4.12.0_155965261_linux_gtk_x86_64/plugins/fr.ac6.mcu.externaltools.arm-none.linux64_1.17.0.201812190825/tools/compiler/bin/../lib/gcc/arm-none-eabi/7.3.1/thumb/v6-m/libgcc.a(eqdf2.o)
 .ARM.attributes
                0x00000000000004e6       0x2c /home/padmabl/.eclipse/org.eclipse.platform_4.12.0_155965261_linux_gtk_x86_64/plugins/fr.ac6.mcu.externaltools.arm-none.linux64_1.17.0.201812190825/tools/compiler/bin/../lib/gcc/arm-none-eabi/7.3.1/thumb/v6-m/libgcc.a(gedf2.o)
 .ARM.attributes
                0x0000000000000512       0x2c /home/padmabl/.eclipse/org.eclipse.platform_4.12.0_155965261_linux_gtk_x86_64/plugins/fr.ac6.mcu.externaltools.arm-none.linux64_1.17.0.201812190825/tools/compiler/bin/../lib/gcc/arm-none-eabi/7.3.1/thumb/v6-m/libgcc.a(ledf2.o)
 .ARM.attributes
                0x000000000000053e       0x2c /home/padmabl/.eclipse/org.eclipse.platform_4.12.0_155965261_linux_gtk_x86_64/plugins/fr.ac6.mcu.externaltools.arm-none.linux64_1.17.0.201812190825/tools/compiler/bin/../lib/gcc/arm-none-eabi/7.3.1/thumb/v6-m/libgcc.a(muldf3.o)
 .ARM.attributes
                0x000000000000056a       0x2c /home/padmabl/.eclipse/org.eclipse.platform_4.12.0_155965261_linux_gtk_x86_64/plugins/fr.ac6.mcu.externaltools.arm-none.linux64_1.17.0.201812190825/tools/compiler/bin/../lib/gcc/arm-none-eabi/7.3.1/thumb/v6-m/libgcc.a(subdf3.o)
 .ARM.attributes
                0x0000000000000596       0x2c /home/padmabl/.eclipse/org.eclipse.platform_4.12.0_155965261_linux_gtk_x86_64/plugins/fr.ac6.mcu.externaltools.arm-none.linux64_1.17.0.201812190825/tools/compiler/bin/../lib/gcc/arm-none-eabi/7.3.1/thumb/v6-m/libgcc.a(floatsidf.o)
 .ARM.attributes
                0x00000000000005c2       0x2c /home/padmabl/.eclipse/org.eclipse.platform_4.12.0_155965261_linux_gtk_x86_64/plugins/fr.ac6.mcu.externaltools.arm-none.linux64_1.17.0.201812190825/tools/compiler/bin/../lib/gcc/arm-none-eabi/7.3.1/thumb/v6-m/libgcc.a(floatunsidf.o)
 .ARM.attributes
                0x00000000000005ee       0x2c /home/padmabl/.eclipse/org.eclipse.platform_4.12.0_155965261_linux_gtk_x86_64/plugins/fr.ac6.mcu.externaltools.arm-none.linux64_1.17.0.201812190825/tools/compiler/bin/../lib/gcc/arm-none-eabi/7.3.1/thumb/v6-m/libgcc.a(extendsfdf2.o)
 .ARM.attributes
                0x000000000000061a       0x2c /home/padmabl/.eclipse/org.eclipse.platform_4.12.0_155965261_linux_gtk_x86_64/plugins/fr.ac6.mcu.externaltools.arm-none.linux64_1.17.0.201812190825/tools/compiler/bin/../lib/gcc/arm-none-eabi/7.3.1/thumb/v6-m/libgcc.a(truncdfsf2.o)
 .ARM.attributes
                0x0000000000000646       0x1e /home/padmabl/.eclipse/org.eclipse.platform_4.12.0_155965261_linux_gtk_x86_64/plugins/fr.ac6.mcu.externaltools.arm-none.linux64_1.17.0.201812190825/tools/compiler/bin/../lib/gcc/arm-none-eabi/7.3.1/thumb/v6-m/libgcc.a(_clzsi2.o)
 .ARM.attributes
                0x0000000000000664       0x1e /home/padmabl/.eclipse/org.eclipse.platform_4.12.0_155965261_linux_gtk_x86_64/plugins/fr.ac6.mcu.externaltools.arm-none.linux64_1.17.0.201812190825/tools/compiler/bin/../lib/gcc/arm-none-eabi/7.3.1/thumb/v6-m/libgcc.a(_clzdi2.o)
 .ARM.attributes
                0x0000000000000682       0x2c /home/padmabl/.eclipse/org.eclipse.platform_4.12.0_155965261_linux_gtk_x86_64/plugins/fr.ac6.mcu.externaltools.arm-none.linux64_1.17.0.201812190825/tools/compiler/bin/../lib/gcc/arm-none-eabi/7.3.1/../../../../arm-none-eabi/lib/thumb/v6-m/libc_nano.a(lib_a-init.o)
 .ARM.attributes
                0x00000000000006ae       0x1e /home/padmabl/.eclipse/org.eclipse.platform_4.12.0_155965261_linux_gtk_x86_64/plugins/fr.ac6.mcu.externaltools.arm-none.linux64_1.17.0.201812190825/tools/compiler/bin/../lib/gcc/arm-none-eabi/7.3.1/thumb/v6-m/crtn.o
OUTPUT(2ADCs.elf elf32-littlearm)

.debug_info     0x0000000000000000     0xeaef
 .debug_info    0x0000000000000000     0x1021 Drivers/STM32L0xx_HAL_Driver/Src/stm32l0xx_hal.o
 .debug_info    0x0000000000001021     0x16f5 Drivers/STM32L0xx_HAL_Driver/Src/stm32l0xx_hal_adc.o
 .debug_info    0x0000000000002716     0x112e Drivers/STM32L0xx_HAL_Driver/Src/stm32l0xx_hal_cortex.o
 .debug_info    0x0000000000003844      0xf41 Drivers/STM32L0xx_HAL_Driver/Src/stm32l0xx_hal_dma.o
 .debug_info    0x0000000000004785      0xeea Drivers/STM32L0xx_HAL_Driver/Src/stm32l0xx_hal_gpio.o
 .debug_info    0x000000000000566f     0x13f4 Drivers/STM32L0xx_HAL_Driver/Src/stm32l0xx_hal_rcc.o
 .debug_info    0x0000000000006a63     0x1149 Drivers/STM32L0xx_HAL_Driver/Src/stm32l0xx_hal_rcc_ex.o
 .debug_info    0x0000000000007bac     0x221a Drivers/STM32L0xx_HAL_Driver/Src/stm32l0xx_hal_uart.o
 .debug_info    0x0000000000009dc6     0x1fc4 Src/main.o
 .debug_info    0x000000000000bd8a     0x15d6 Src/stm32l0xx_hal_msp.o
 .debug_info    0x000000000000d360      0xbc2 Src/stm32l0xx_it.o
 .debug_info    0x000000000000df22      0xbab Src/system_stm32l0xx.o
 .debug_info    0x000000000000eacd       0x22 startup/startup_stm32l073xx.o

.debug_abbrev   0x0000000000000000     0x20ee
 .debug_abbrev  0x0000000000000000      0x2e5 Drivers/STM32L0xx_HAL_Driver/Src/stm32l0xx_hal.o
 .debug_abbrev  0x00000000000002e5      0x2c3 Drivers/STM32L0xx_HAL_Driver/Src/stm32l0xx_hal_adc.o
 .debug_abbrev  0x00000000000005a8      0x328 Drivers/STM32L0xx_HAL_Driver/Src/stm32l0xx_hal_cortex.o
 .debug_abbrev  0x00000000000008d0      0x2c7 Drivers/STM32L0xx_HAL_Driver/Src/stm32l0xx_hal_dma.o
 .debug_abbrev  0x0000000000000b97      0x28f Drivers/STM32L0xx_HAL_Driver/Src/stm32l0xx_hal_gpio.o
 .debug_abbrev  0x0000000000000e26      0x31b Drivers/STM32L0xx_HAL_Driver/Src/stm32l0xx_hal_rcc.o
 .debug_abbrev  0x0000000000001141      0x2bf Drivers/STM32L0xx_HAL_Driver/Src/stm32l0xx_hal_rcc_ex.o
 .debug_abbrev  0x0000000000001400      0x321 Drivers/STM32L0xx_HAL_Driver/Src/stm32l0xx_hal_uart.o
 .debug_abbrev  0x0000000000001721      0x361 Src/main.o
 .debug_abbrev  0x0000000000001a82      0x254 Src/stm32l0xx_hal_msp.o
 .debug_abbrev  0x0000000000001cd6      0x201 Src/stm32l0xx_it.o
 .debug_abbrev  0x0000000000001ed7      0x205 Src/system_stm32l0xx.o
 .debug_abbrev  0x00000000000020dc       0x12 startup/startup_stm32l073xx.o

.debug_loc      0x0000000000000000     0x4975
 .debug_loc     0x0000000000000000       0xac Drivers/STM32L0xx_HAL_Driver/Src/stm32l0xx_hal.o
 .debug_loc     0x00000000000000ac      0xb90 Drivers/STM32L0xx_HAL_Driver/Src/stm32l0xx_hal_adc.o
 .debug_loc     0x0000000000000c3c      0x393 Drivers/STM32L0xx_HAL_Driver/Src/stm32l0xx_hal_cortex.o
 .debug_loc     0x0000000000000fcf      0x5ae Drivers/STM32L0xx_HAL_Driver/Src/stm32l0xx_hal_dma.o
 .debug_loc     0x000000000000157d      0x2d1 Drivers/STM32L0xx_HAL_Driver/Src/stm32l0xx_hal_gpio.o
 .debug_loc     0x000000000000184e      0x5cd Drivers/STM32L0xx_HAL_Driver/Src/stm32l0xx_hal_rcc.o
 .debug_loc     0x0000000000001e1b      0xaf9 Drivers/STM32L0xx_HAL_Driver/Src/stm32l0xx_hal_rcc_ex.o
 .debug_loc     0x0000000000002914     0x19d2 Drivers/STM32L0xx_HAL_Driver/Src/stm32l0xx_hal_uart.o
 .debug_loc     0x00000000000042e6      0x387 Src/main.o
 .debug_loc     0x000000000000466d      0x12a Src/stm32l0xx_hal_msp.o
 .debug_loc     0x0000000000004797      0x1de Src/system_stm32l0xx.o

.debug_aranges  0x0000000000000000      0x790
 .debug_aranges
                0x0000000000000000       0xe0 Drivers/STM32L0xx_HAL_Driver/Src/stm32l0xx_hal.o
 .debug_aranges
                0x00000000000000e0      0x100 Drivers/STM32L0xx_HAL_Driver/Src/stm32l0xx_hal_adc.o
 .debug_aranges
                0x00000000000001e0       0x80 Drivers/STM32L0xx_HAL_Driver/Src/stm32l0xx_hal_cortex.o
 .debug_aranges
                0x0000000000000260       0x70 Drivers/STM32L0xx_HAL_Driver/Src/stm32l0xx_hal_dma.o
 .debug_aranges
                0x00000000000002d0       0x58 Drivers/STM32L0xx_HAL_Driver/Src/stm32l0xx_hal_gpio.o
 .debug_aranges
                0x0000000000000328       0x88 Drivers/STM32L0xx_HAL_Driver/Src/stm32l0xx_hal_rcc.o
 .debug_aranges
                0x00000000000003b0       0xb0 Drivers/STM32L0xx_HAL_Driver/Src/stm32l0xx_hal_rcc_ex.o
 .debug_aranges
                0x0000000000000460      0x1e8 Drivers/STM32L0xx_HAL_Driver/Src/stm32l0xx_hal_uart.o
 .debug_aranges
                0x0000000000000648       0x70 Src/main.o
 .debug_aranges
                0x00000000000006b8       0x40 Src/stm32l0xx_hal_msp.o
 .debug_aranges
                0x00000000000006f8       0x48 Src/stm32l0xx_it.o
 .debug_aranges
                0x0000000000000740       0x28 Src/system_stm32l0xx.o
 .debug_aranges
                0x0000000000000768       0x28 startup/startup_stm32l073xx.o

.debug_ranges   0x0000000000000000      0x7a0
 .debug_ranges  0x0000000000000000       0xd0 Drivers/STM32L0xx_HAL_Driver/Src/stm32l0xx_hal.o
 .debug_ranges  0x00000000000000d0       0xf0 Drivers/STM32L0xx_HAL_Driver/Src/stm32l0xx_hal_adc.o
 .debug_ranges  0x00000000000001c0       0xb8 Drivers/STM32L0xx_HAL_Driver/Src/stm32l0xx_hal_cortex.o
 .debug_ranges  0x0000000000000278       0x60 Drivers/STM32L0xx_HAL_Driver/Src/stm32l0xx_hal_dma.o
 .debug_ranges  0x00000000000002d8       0x48 Drivers/STM32L0xx_HAL_Driver/Src/stm32l0xx_hal_gpio.o
 .debug_ranges  0x0000000000000320       0xa8 Drivers/STM32L0xx_HAL_Driver/Src/stm32l0xx_hal_rcc.o
 .debug_ranges  0x00000000000003c8       0xb8 Drivers/STM32L0xx_HAL_Driver/Src/stm32l0xx_hal_rcc_ex.o
 .debug_ranges  0x0000000000000480      0x1d8 Drivers/STM32L0xx_HAL_Driver/Src/stm32l0xx_hal_uart.o
 .debug_ranges  0x0000000000000658       0xa8 Src/main.o
 .debug_ranges  0x0000000000000700       0x30 Src/stm32l0xx_hal_msp.o
 .debug_ranges  0x0000000000000730       0x38 Src/stm32l0xx_it.o
 .debug_ranges  0x0000000000000768       0x18 Src/system_stm32l0xx.o
 .debug_ranges  0x0000000000000780       0x20 startup/startup_stm32l073xx.o

.debug_macro    0x0000000000000000    0x152f7
 .debug_macro   0x0000000000000000      0x33f Drivers/STM32L0xx_HAL_Driver/Src/stm32l0xx_hal.o
 .debug_macro   0x000000000000033f      0xa4e Drivers/STM32L0xx_HAL_Driver/Src/stm32l0xx_hal.o
 .debug_macro   0x0000000000000d8d       0x64 Drivers/STM32L0xx_HAL_Driver/Src/stm32l0xx_hal.o
 .debug_macro   0x0000000000000df1       0x9d Drivers/STM32L0xx_HAL_Driver/Src/stm32l0xx_hal.o
 .debug_macro   0x0000000000000e8e       0x2e Drivers/STM32L0xx_HAL_Driver/Src/stm32l0xx_hal.o
 .debug_macro   0x0000000000000ebc       0x28 Drivers/STM32L0xx_HAL_Driver/Src/stm32l0xx_hal.o
 .debug_macro   0x0000000000000ee4       0x22 Drivers/STM32L0xx_HAL_Driver/Src/stm32l0xx_hal.o
 .debug_macro   0x0000000000000f06       0x8e Drivers/STM32L0xx_HAL_Driver/Src/stm32l0xx_hal.o
 .debug_macro   0x0000000000000f94       0x51 Drivers/STM32L0xx_HAL_Driver/Src/stm32l0xx_hal.o
 .debug_macro   0x0000000000000fe5       0xef Drivers/STM32L0xx_HAL_Driver/Src/stm32l0xx_hal.o
 .debug_macro   0x00000000000010d4       0x6a Drivers/STM32L0xx_HAL_Driver/Src/stm32l0xx_hal.o
 .debug_macro   0x000000000000113e      0x1df Drivers/STM32L0xx_HAL_Driver/Src/stm32l0xx_hal.o
 .debug_macro   0x000000000000131d       0x34 Drivers/STM32L0xx_HAL_Driver/Src/stm32l0xx_hal.o
 .debug_macro   0x0000000000001351       0x26 Drivers/STM32L0xx_HAL_Driver/Src/stm32l0xx_hal.o
 .debug_macro   0x0000000000001377      0x44f Drivers/STM32L0xx_HAL_Driver/Src/stm32l0xx_hal.o
 .debug_macro   0x00000000000017c6     0xa3ff Drivers/STM32L0xx_HAL_Driver/Src/stm32l0xx_hal.o
 .debug_macro   0x000000000000bbc5       0x3c Drivers/STM32L0xx_HAL_Driver/Src/stm32l0xx_hal.o
 .debug_macro   0x000000000000bc01     0x3455 Drivers/STM32L0xx_HAL_Driver/Src/stm32l0xx_hal.o
 .debug_macro   0x000000000000f056       0x5e Drivers/STM32L0xx_HAL_Driver/Src/stm32l0xx_hal.o
 .debug_macro   0x000000000000f0b4       0x18 Drivers/STM32L0xx_HAL_Driver/Src/stm32l0xx_hal.o
 .debug_macro   0x000000000000f0cc       0x35 Drivers/STM32L0xx_HAL_Driver/Src/stm32l0xx_hal.o
 .debug_macro   0x000000000000f101       0x34 Drivers/STM32L0xx_HAL_Driver/Src/stm32l0xx_hal.o
 .debug_macro   0x000000000000f135       0x16 Drivers/STM32L0xx_HAL_Driver/Src/stm32l0xx_hal.o
 .debug_macro   0x000000000000f14b       0x97 Drivers/STM32L0xx_HAL_Driver/Src/stm32l0xx_hal.o
 .debug_macro   0x000000000000f1e2      0x330 Drivers/STM32L0xx_HAL_Driver/Src/stm32l0xx_hal.o
 .debug_macro   0x000000000000f512       0xfd Drivers/STM32L0xx_HAL_Driver/Src/stm32l0xx_hal.o
 .debug_macro   0x000000000000f60f       0x10 Drivers/STM32L0xx_HAL_Driver/Src/stm32l0xx_hal.o
 .debug_macro   0x000000000000f61f       0x58 Drivers/STM32L0xx_HAL_Driver/Src/stm32l0xx_hal.o
 .debug_macro   0x000000000000f677       0x1f Drivers/STM32L0xx_HAL_Driver/Src/stm32l0xx_hal.o
 .debug_macro   0x000000000000f696       0x43 Drivers/STM32L0xx_HAL_Driver/Src/stm32l0xx_hal.o
 .debug_macro   0x000000000000f6d9       0x20 Drivers/STM32L0xx_HAL_Driver/Src/stm32l0xx_hal.o
 .debug_macro   0x000000000000f6f9      0x18e Drivers/STM32L0xx_HAL_Driver/Src/stm32l0xx_hal.o
 .debug_macro   0x000000000000f887       0x10 Drivers/STM32L0xx_HAL_Driver/Src/stm32l0xx_hal.o
 .debug_macro   0x000000000000f897       0x1c Drivers/STM32L0xx_HAL_Driver/Src/stm32l0xx_hal.o
 .debug_macro   0x000000000000f8b3       0x52 Drivers/STM32L0xx_HAL_Driver/Src/stm32l0xx_hal.o
 .debug_macro   0x000000000000f905       0x40 Drivers/STM32L0xx_HAL_Driver/Src/stm32l0xx_hal.o
 .debug_macro   0x000000000000f945       0x10 Drivers/STM32L0xx_HAL_Driver/Src/stm32l0xx_hal.o
 .debug_macro   0x000000000000f955       0x40 Drivers/STM32L0xx_HAL_Driver/Src/stm32l0xx_hal.o
 .debug_macro   0x000000000000f995       0xd7 Drivers/STM32L0xx_HAL_Driver/Src/stm32l0xx_hal.o
 .debug_macro   0x000000000000fa6c       0x1c Drivers/STM32L0xx_HAL_Driver/Src/stm32l0xx_hal.o
 .debug_macro   0x000000000000fa88       0x3d Drivers/STM32L0xx_HAL_Driver/Src/stm32l0xx_hal.o
 .debug_macro   0x000000000000fac5       0x16 Drivers/STM32L0xx_HAL_Driver/Src/stm32l0xx_hal.o
 .debug_macro   0x000000000000fadb      0x16f Drivers/STM32L0xx_HAL_Driver/Src/stm32l0xx_hal.o
 .debug_macro   0x000000000000fc4a       0x50 Drivers/STM32L0xx_HAL_Driver/Src/stm32l0xx_hal.o
 .debug_macro   0x000000000000fc9a      0x8ee Drivers/STM32L0xx_HAL_Driver/Src/stm32l0xx_hal.o
 .debug_macro   0x0000000000010588      0xbb7 Drivers/STM32L0xx_HAL_Driver/Src/stm32l0xx_hal.o
 .debug_macro   0x000000000001113f      0x14b Drivers/STM32L0xx_HAL_Driver/Src/stm32l0xx_hal.o
 .debug_macro   0x000000000001128a      0x1d8 Drivers/STM32L0xx_HAL_Driver/Src/stm32l0xx_hal.o
 .debug_macro   0x0000000000011462      0x29c Drivers/STM32L0xx_HAL_Driver/Src/stm32l0xx_hal.o
 .debug_macro   0x00000000000116fe      0x1ed Drivers/STM32L0xx_HAL_Driver/Src/stm32l0xx_hal.o
 .debug_macro   0x00000000000118eb      0x4f6 Drivers/STM32L0xx_HAL_Driver/Src/stm32l0xx_hal.o
 .debug_macro   0x0000000000011de1       0x6c Drivers/STM32L0xx_HAL_Driver/Src/stm32l0xx_hal.o
 .debug_macro   0x0000000000011e4d      0x128 Drivers/STM32L0xx_HAL_Driver/Src/stm32l0xx_hal.o
 .debug_macro   0x0000000000011f75      0x4bb Drivers/STM32L0xx_HAL_Driver/Src/stm32l0xx_hal.o
 .debug_macro   0x0000000000012430      0x202 Drivers/STM32L0xx_HAL_Driver/Src/stm32l0xx_hal.o
 .debug_macro   0x0000000000012632       0x5b Drivers/STM32L0xx_HAL_Driver/Src/stm32l0xx_hal.o
 .debug_macro   0x000000000001268d       0x90 Drivers/STM32L0xx_HAL_Driver/Src/stm32l0xx_hal.o
 .debug_macro   0x000000000001271d      0x18d Drivers/STM32L0xx_HAL_Driver/Src/stm32l0xx_hal.o
 .debug_macro   0x00000000000128aa       0x16 Drivers/STM32L0xx_HAL_Driver/Src/stm32l0xx_hal.o
 .debug_macro   0x00000000000128c0      0x54a Drivers/STM32L0xx_HAL_Driver/Src/stm32l0xx_hal.o
 .debug_macro   0x0000000000012e0a       0x44 Drivers/STM32L0xx_HAL_Driver/Src/stm32l0xx_hal.o
 .debug_macro   0x0000000000012e4e      0x19b Drivers/STM32L0xx_HAL_Driver/Src/stm32l0xx_hal.o
 .debug_macro   0x0000000000012fe9      0x32a Drivers/STM32L0xx_HAL_Driver/Src/stm32l0xx_hal_adc.o
 .debug_macro   0x0000000000013313      0x31b Drivers/STM32L0xx_HAL_Driver/Src/stm32l0xx_hal_cortex.o
 .debug_macro   0x000000000001362e      0x321 Drivers/STM32L0xx_HAL_Driver/Src/stm32l0xx_hal_dma.o
 .debug_macro   0x000000000001394f      0x353 Drivers/STM32L0xx_HAL_Driver/Src/stm32l0xx_hal_gpio.o
 .debug_macro   0x0000000000013ca2      0x37b Drivers/STM32L0xx_HAL_Driver/Src/stm32l0xx_hal_rcc.o
 .debug_macro   0x000000000001401d      0x32d Drivers/STM32L0xx_HAL_Driver/Src/stm32l0xx_hal_rcc_ex.o
 .debug_macro   0x000000000001434a      0x32d Drivers/STM32L0xx_HAL_Driver/Src/stm32l0xx_hal_uart.o
 .debug_macro   0x0000000000014677      0x31f Src/main.o
 .debug_macro   0x0000000000014996      0x31b Src/stm32l0xx_hal_msp.o
 .debug_macro   0x0000000000014cb1      0x325 Src/stm32l0xx_it.o
 .debug_macro   0x0000000000014fd6      0x321 Src/system_stm32l0xx.o

.debug_line     0x0000000000000000     0x9152
 .debug_line    0x0000000000000000      0xaf4 Drivers/STM32L0xx_HAL_Driver/Src/stm32l0xx_hal.o
 .debug_line    0x0000000000000af4      0xe1d Drivers/STM32L0xx_HAL_Driver/Src/stm32l0xx_hal_adc.o
 .debug_line    0x0000000000001911      0xabd Drivers/STM32L0xx_HAL_Driver/Src/stm32l0xx_hal_cortex.o
 .debug_line    0x00000000000023ce      0xdc3 Drivers/STM32L0xx_HAL_Driver/Src/stm32l0xx_hal_dma.o
 .debug_line    0x0000000000003191      0xa88 Drivers/STM32L0xx_HAL_Driver/Src/stm32l0xx_hal_gpio.o
 .debug_line    0x0000000000003c19      0xc2e Drivers/STM32L0xx_HAL_Driver/Src/stm32l0xx_hal_rcc.o
 .debug_line    0x0000000000004847      0xc48 Drivers/STM32L0xx_HAL_Driver/Src/stm32l0xx_hal_rcc_ex.o
 .debug_line    0x000000000000548f     0x1429 Drivers/STM32L0xx_HAL_Driver/Src/stm32l0xx_hal_uart.o
 .debug_line    0x00000000000068b8      0xb9c Src/main.o
 .debug_line    0x0000000000007454      0x9ac Src/stm32l0xx_hal_msp.o
 .debug_line    0x0000000000007e00      0x97d Src/stm32l0xx_it.o
 .debug_line    0x000000000000877d      0x952 Src/system_stm32l0xx.o
 .debug_line    0x00000000000090cf       0x83 startup/startup_stm32l073xx.o

.debug_str      0x0000000000000000    0x7f802
 .debug_str     0x0000000000000000    0x7d351 Drivers/STM32L0xx_HAL_Driver/Src/stm32l0xx_hal.o
                                      0x7d796 (size before relaxing)
 .debug_str     0x000000000007d351      0x71a Drivers/STM32L0xx_HAL_Driver/Src/stm32l0xx_hal_adc.o
                                      0x7d822 (size before relaxing)
 .debug_str     0x000000000007da6b      0x279 Drivers/STM32L0xx_HAL_Driver/Src/stm32l0xx_hal_cortex.o
                                      0x7d596 (size before relaxing)
 .debug_str     0x000000000007dce4      0x17c Drivers/STM32L0xx_HAL_Driver/Src/stm32l0xx_hal_dma.o
                                      0x7d408 (size before relaxing)
 .debug_str     0x000000000007de60      0x2c1 Drivers/STM32L0xx_HAL_Driver/Src/stm32l0xx_hal_gpio.o
                                      0x7d40f (size before relaxing)
 .debug_str     0x000000000007e121      0x57e Drivers/STM32L0xx_HAL_Driver/Src/stm32l0xx_hal_rcc.o
                                      0x7d7b7 (size before relaxing)
 .debug_str     0x000000000007e69f      0x4d1 Drivers/STM32L0xx_HAL_Driver/Src/stm32l0xx_hal_rcc_ex.o
                                      0x7d6c5 (size before relaxing)
 .debug_str     0x000000000007eb70      0xa19 Drivers/STM32L0xx_HAL_Driver/Src/stm32l0xx_hal_uart.o
                                      0x7de32 (size before relaxing)
 .debug_str     0x000000000007f589      0x141 Src/main.o
                                      0x7de6b (size before relaxing)
 .debug_str     0x000000000007f6ca       0x1b Src/stm32l0xx_hal_msp.o
                                      0x7da1e (size before relaxing)
 .debug_str     0x000000000007f6e5       0x8a Src/stm32l0xx_it.o
                                      0x7d2c9 (size before relaxing)
 .debug_str     0x000000000007f76f       0x64 Src/system_stm32l0xx.o
                                      0x7d15a (size before relaxing)
 .debug_str     0x000000000007f7d3       0x2f startup/startup_stm32l073xx.o
                                         0x70 (size before relaxing)

.comment        0x0000000000000000       0x7f
 .comment       0x0000000000000000       0x7f Drivers/STM32L0xx_HAL_Driver/Src/stm32l0xx_hal.o
                                         0x80 (size before relaxing)
 .comment       0x000000000000007f       0x80 Drivers/STM32L0xx_HAL_Driver/Src/stm32l0xx_hal_adc.o
 .comment       0x000000000000007f       0x80 Drivers/STM32L0xx_HAL_Driver/Src/stm32l0xx_hal_cortex.o
 .comment       0x000000000000007f       0x80 Drivers/STM32L0xx_HAL_Driver/Src/stm32l0xx_hal_dma.o
 .comment       0x000000000000007f       0x80 Drivers/STM32L0xx_HAL_Driver/Src/stm32l0xx_hal_gpio.o
 .comment       0x000000000000007f       0x80 Drivers/STM32L0xx_HAL_Driver/Src/stm32l0xx_hal_rcc.o
 .comment       0x000000000000007f       0x80 Drivers/STM32L0xx_HAL_Driver/Src/stm32l0xx_hal_rcc_ex.o
 .comment       0x000000000000007f       0x80 Drivers/STM32L0xx_HAL_Driver/Src/stm32l0xx_hal_uart.o
 .comment       0x000000000000007f       0x80 Src/main.o
 .comment       0x000000000000007f       0x80 Src/stm32l0xx_hal_msp.o
 .comment       0x000000000000007f       0x80 Src/stm32l0xx_it.o
 .comment       0x000000000000007f       0x80 Src/system_stm32l0xx.o

.debug_frame    0x0000000000000000     0x156c
 .debug_frame   0x0000000000000000      0x1c4 Drivers/STM32L0xx_HAL_Driver/Src/stm32l0xx_hal.o
 .debug_frame   0x00000000000001c4      0x2bc Drivers/STM32L0xx_HAL_Driver/Src/stm32l0xx_hal_adc.o
 .debug_frame   0x0000000000000480       0xf4 Drivers/STM32L0xx_HAL_Driver/Src/stm32l0xx_hal_cortex.o
 .debug_frame   0x0000000000000574      0x120 Drivers/STM32L0xx_HAL_Driver/Src/stm32l0xx_hal_dma.o
 .debug_frame   0x0000000000000694       0xc8 Drivers/STM32L0xx_HAL_Driver/Src/stm32l0xx_hal_gpio.o
 .debug_frame   0x000000000000075c      0x158 Drivers/STM32L0xx_HAL_Driver/Src/stm32l0xx_hal_rcc.o
 .debug_frame   0x00000000000008b4      0x178 Drivers/STM32L0xx_HAL_Driver/Src/stm32l0xx_hal_rcc_ex.o
 .debug_frame   0x0000000000000a2c      0x540 Drivers/STM32L0xx_HAL_Driver/Src/stm32l0xx_hal_uart.o
 .debug_frame   0x0000000000000f6c      0x120 Src/main.o
 .debug_frame   0x000000000000108c       0x90 Src/stm32l0xx_hal_msp.o
 .debug_frame   0x000000000000111c       0x80 Src/stm32l0xx_it.o
 .debug_frame   0x000000000000119c       0x38 Src/system_stm32l0xx.o
 .debug_frame   0x00000000000011d4       0x20 /home/padmabl/.eclipse/org.eclipse.platform_4.12.0_155965261_linux_gtk_x86_64/plugins/fr.ac6.mcu.externaltools.arm-none.linux64_1.17.0.201812190825/tools/compiler/bin/../lib/gcc/arm-none-eabi/7.3.1/thumb/v6-m/libgcc.a(_udivsi3.o)
 .debug_frame   0x00000000000011f4       0x28 /home/padmabl/.eclipse/org.eclipse.platform_4.12.0_155965261_linux_gtk_x86_64/plugins/fr.ac6.mcu.externaltools.arm-none.linux64_1.17.0.201812190825/tools/compiler/bin/../lib/gcc/arm-none-eabi/7.3.1/thumb/v6-m/libgcc.a(_fixunssfsi.o)
 .debug_frame   0x000000000000121c       0x3c /home/padmabl/.eclipse/org.eclipse.platform_4.12.0_155965261_linux_gtk_x86_64/plugins/fr.ac6.mcu.externaltools.arm-none.linux64_1.17.0.201812190825/tools/compiler/bin/../lib/gcc/arm-none-eabi/7.3.1/thumb/v6-m/libgcc.a(_udivmoddi4.o)
 .debug_frame   0x0000000000001258       0x2c /home/padmabl/.eclipse/org.eclipse.platform_4.12.0_155965261_linux_gtk_x86_64/plugins/fr.ac6.mcu.externaltools.arm-none.linux64_1.17.0.201812190825/tools/compiler/bin/../lib/gcc/arm-none-eabi/7.3.1/thumb/v6-m/libgcc.a(eqsf2.o)
 .debug_frame   0x0000000000001284       0x2c /home/padmabl/.eclipse/org.eclipse.platform_4.12.0_155965261_linux_gtk_x86_64/plugins/fr.ac6.mcu.externaltools.arm-none.linux64_1.17.0.201812190825/tools/compiler/bin/../lib/gcc/arm-none-eabi/7.3.1/thumb/v6-m/libgcc.a(gesf2.o)
 .debug_frame   0x00000000000012b0       0x2c /home/padmabl/.eclipse/org.eclipse.platform_4.12.0_155965261_linux_gtk_x86_64/plugins/fr.ac6.mcu.externaltools.arm-none.linux64_1.17.0.201812190825/tools/compiler/bin/../lib/gcc/arm-none-eabi/7.3.1/thumb/v6-m/libgcc.a(lesf2.o)
 .debug_frame   0x00000000000012dc       0x3c /home/padmabl/.eclipse/org.eclipse.platform_4.12.0_155965261_linux_gtk_x86_64/plugins/fr.ac6.mcu.externaltools.arm-none.linux64_1.17.0.201812190825/tools/compiler/bin/../lib/gcc/arm-none-eabi/7.3.1/thumb/v6-m/libgcc.a(mulsf3.o)
 .debug_frame   0x0000000000001318       0x38 /home/padmabl/.eclipse/org.eclipse.platform_4.12.0_155965261_linux_gtk_x86_64/plugins/fr.ac6.mcu.externaltools.arm-none.linux64_1.17.0.201812190825/tools/compiler/bin/../lib/gcc/arm-none-eabi/7.3.1/thumb/v6-m/libgcc.a(subsf3.o)
 .debug_frame   0x0000000000001350       0x20 /home/padmabl/.eclipse/org.eclipse.platform_4.12.0_155965261_linux_gtk_x86_64/plugins/fr.ac6.mcu.externaltools.arm-none.linux64_1.17.0.201812190825/tools/compiler/bin/../lib/gcc/arm-none-eabi/7.3.1/thumb/v6-m/libgcc.a(fixsfsi.o)
 .debug_frame   0x0000000000001370       0x38 /home/padmabl/.eclipse/org.eclipse.platform_4.12.0_155965261_linux_gtk_x86_64/plugins/fr.ac6.mcu.externaltools.arm-none.linux64_1.17.0.201812190825/tools/compiler/bin/../lib/gcc/arm-none-eabi/7.3.1/thumb/v6-m/libgcc.a(eqdf2.o)
 .debug_frame   0x00000000000013a8       0x38 /home/padmabl/.eclipse/org.eclipse.platform_4.12.0_155965261_linux_gtk_x86_64/plugins/fr.ac6.mcu.externaltools.arm-none.linux64_1.17.0.201812190825/tools/compiler/bin/../lib/gcc/arm-none-eabi/7.3.1/thumb/v6-m/libgcc.a(gedf2.o)
 .debug_frame   0x00000000000013e0       0x38 /home/padmabl/.eclipse/org.eclipse.platform_4.12.0_155965261_linux_gtk_x86_64/plugins/fr.ac6.mcu.externaltools.arm-none.linux64_1.17.0.201812190825/tools/compiler/bin/../lib/gcc/arm-none-eabi/7.3.1/thumb/v6-m/libgcc.a(ledf2.o)
 .debug_frame   0x0000000000001418       0x3c /home/padmabl/.eclipse/org.eclipse.platform_4.12.0_155965261_linux_gtk_x86_64/plugins/fr.ac6.mcu.externaltools.arm-none.linux64_1.17.0.201812190825/tools/compiler/bin/../lib/gcc/arm-none-eabi/7.3.1/thumb/v6-m/libgcc.a(muldf3.o)
 .debug_frame   0x0000000000001454       0x3c /home/padmabl/.eclipse/org.eclipse.platform_4.12.0_155965261_linux_gtk_x86_64/plugins/fr.ac6.mcu.externaltools.arm-none.linux64_1.17.0.201812190825/tools/compiler/bin/../lib/gcc/arm-none-eabi/7.3.1/thumb/v6-m/libgcc.a(subdf3.o)
 .debug_frame   0x0000000000001490       0x2c /home/padmabl/.eclipse/org.eclipse.platform_4.12.0_155965261_linux_gtk_x86_64/plugins/fr.ac6.mcu.externaltools.arm-none.linux64_1.17.0.201812190825/tools/compiler/bin/../lib/gcc/arm-none-eabi/7.3.1/thumb/v6-m/libgcc.a(floatsidf.o)
 .debug_frame   0x00000000000014bc       0x28 /home/padmabl/.eclipse/org.eclipse.platform_4.12.0_155965261_linux_gtk_x86_64/plugins/fr.ac6.mcu.externaltools.arm-none.linux64_1.17.0.201812190825/tools/compiler/bin/../lib/gcc/arm-none-eabi/7.3.1/thumb/v6-m/libgcc.a(floatunsidf.o)
 .debug_frame   0x00000000000014e4       0x2c /home/padmabl/.eclipse/org.eclipse.platform_4.12.0_155965261_linux_gtk_x86_64/plugins/fr.ac6.mcu.externaltools.arm-none.linux64_1.17.0.201812190825/tools/compiler/bin/../lib/gcc/arm-none-eabi/7.3.1/thumb/v6-m/libgcc.a(extendsfdf2.o)
 .debug_frame   0x0000000000001510       0x30 /home/padmabl/.eclipse/org.eclipse.platform_4.12.0_155965261_linux_gtk_x86_64/plugins/fr.ac6.mcu.externaltools.arm-none.linux64_1.17.0.201812190825/tools/compiler/bin/../lib/gcc/arm-none-eabi/7.3.1/thumb/v6-m/libgcc.a(truncdfsf2.o)
 .debug_frame   0x0000000000001540       0x2c /home/padmabl/.eclipse/org.eclipse.platform_4.12.0_155965261_linux_gtk_x86_64/plugins/fr.ac6.mcu.externaltools.arm-none.linux64_1.17.0.201812190825/tools/compiler/bin/../lib/gcc/arm-none-eabi/7.3.1/../../../../arm-none-eabi/lib/thumb/v6-m/libc_nano.a(lib_a-init.o)
